Modules list:
-------------
timerfun.o:
    CODE              Offs=000000  Size=00013C  Align=00001  Fill=0000
    RODATA            Offs=000000  Size=00010A  Align=00001  Fill=0000
    DATA              Offs=000000  Size=00000E  Align=00001  Fill=0000
../../cc65Integration/lib/kim1.lib(_directerrno.o):
    CODE              Offs=00013C  Size=00000A  Align=00001  Fill=0000
../../cc65Integration/lib/kim1.lib(_file.o):
    DATA              Offs=00000E  Size=00001E  Align=00001  Fill=0000
../../cc65Integration/lib/kim1.lib(_hextab.o):
    RODATA            Offs=00010A  Size=000010  Align=00001  Fill=0000
../../cc65Integration/lib/kim1.lib(_longminstr.o):
    RODATA            Offs=00011A  Size=00000C  Align=00001  Fill=0000
../../cc65Integration/lib/kim1.lib(_oserror.o):
    BSS               Offs=000000  Size=000001  Align=00001  Fill=0000
../../cc65Integration/lib/kim1.lib(_printf.o):
    CODE              Offs=000146  Size=0003A5  Align=00001  Fill=0000
    BSS               Offs=000001  Size=00002B  Align=00001  Fill=0000
    DATA              Offs=00002C  Size=000003  Align=00001  Fill=0000
../../cc65Integration/lib/kim1.lib(_seterrno.o):
    CODE              Offs=0004EB  Size=000009  Align=00001  Fill=0000
../../cc65Integration/lib/kim1.lib(addeqsp.o):
    CODE              Offs=0004F4  Size=000011  Align=00001  Fill=0000
../../cc65Integration/lib/kim1.lib(addysp.o):
    CODE              Offs=000505  Size=00000E  Align=00001  Fill=0000
../../cc65Integration/lib/kim1.lib(axlong.o):
    CODE              Offs=000513  Size=00000D  Align=00001  Fill=0000
../../cc65Integration/lib/kim1.lib(close.o):
    CODE              Offs=000520  Size=000019  Align=00001  Fill=0000
../../cc65Integration/lib/kim1.lib(condes.o):
    CODE              Offs=000539  Size=00000C  Align=00001  Fill=0000
    DATA              Offs=00002F  Size=000025  Align=00001  Fill=0000
    ONCE              Offs=000000  Size=00000C  Align=00001  Fill=0000
../../cc65Integration/lib/kim1.lib(copydata.o):
    CODE              Offs=000545  Size=00002D  Align=00001  Fill=0000
../../cc65Integration/lib/kim1.lib(crt0.o):
    STARTUP           Offs=000000  Size=000018  Align=00001  Fill=0000
../../cc65Integration/lib/kim1.lib(ctype.o):
    RODATA            Offs=000126  Size=00008B  Align=00001  Fill=0000
../../cc65Integration/lib/kim1.lib(ctypemask.o):
    CODE              Offs=000572  Size=00001E  Align=00001  Fill=0000
../../cc65Integration/lib/kim1.lib(decsp2.o):
    CODE              Offs=000590  Size=00000D  Align=00001  Fill=0000
../../cc65Integration/lib/kim1.lib(decsp4.o):
    CODE              Offs=00059D  Size=00000D  Align=00001  Fill=0000
../../cc65Integration/lib/kim1.lib(decsp6.o):
    CODE              Offs=0005AA  Size=00000D  Align=00001  Fill=0000
../../cc65Integration/lib/kim1.lib(errno.o):
    BSS               Offs=00002C  Size=000002  Align=00001  Fill=0000
../../cc65Integration/lib/kim1.lib(fwrite.o):
    CODE              Offs=0005B7  Size=00007B  Align=00001  Fill=0000
    BSS               Offs=00002E  Size=000002  Align=00001  Fill=0000
../../cc65Integration/lib/kim1.lib(incsp2.o):
    CODE              Offs=000632  Size=000016  Align=00001  Fill=0000
../../cc65Integration/lib/kim1.lib(incsp4.o):
    CODE              Offs=000648  Size=000005  Align=00001  Fill=0000
../../cc65Integration/lib/kim1.lib(incsp6.o):
    CODE              Offs=00064D  Size=000005  Align=00001  Fill=0000
../../cc65Integration/lib/kim1.lib(incsp8.o):
    CODE              Offs=000652  Size=000005  Align=00001  Fill=0000
../../cc65Integration/lib/kim1.lib(ladd.o):
    CODE              Offs=000657  Size=000025  Align=00001  Fill=0000
../../cc65Integration/lib/kim1.lib(lcmp.o):
    CODE              Offs=00067C  Size=00003B  Align=00001  Fill=0000
../../cc65Integration/lib/kim1.lib(ldaxsp.o):
    CODE              Offs=0006B7  Size=000009  Align=00001  Fill=0000
../../cc65Integration/lib/kim1.lib(ldeaxysp.o):
    CODE              Offs=0006C0  Size=000013  Align=00001  Fill=0000
../../cc65Integration/lib/kim1.lib(lneg.o):
    CODE              Offs=0006D3  Size=00001E  Align=00001  Fill=0000
../../cc65Integration/lib/kim1.lib(lpush.o):
    CODE              Offs=0006F1  Size=000021  Align=00001  Fill=0000
../../cc65Integration/lib/kim1.lib(ltoa.o):
    CODE              Offs=000712  Size=000095  Align=00001  Fill=0000
../../cc65Integration/lib/kim1.lib(lult.o):
    CODE              Offs=0007A7  Size=000006  Align=00001  Fill=0000
../../cc65Integration/lib/kim1.lib(makebool.o):
    CODE              Offs=0007AD  Size=00002C  Align=00001  Fill=0000
../../cc65Integration/lib/kim1.lib(mul.o):
    CODE              Offs=0007D9  Size=000045  Align=00001  Fill=0000
../../cc65Integration/lib/kim1.lib(mul8.o):
    CODE              Offs=00081E  Size=00003A  Align=00001  Fill=0000
../../cc65Integration/lib/kim1.lib(open.o):
    CODE              Offs=000858  Size=000099  Align=00001  Fill=0000
../../cc65Integration/lib/kim1.lib(popptr1.o):
    CODE              Offs=0008F1  Size=00000E  Align=00001  Fill=0000
../../cc65Integration/lib/kim1.lib(printf.o):
    CODE              Offs=0008FF  Size=000033  Align=00001  Fill=0000
    BSS               Offs=000030  Size=000001  Align=00001  Fill=0000
../../cc65Integration/lib/kim1.lib(push1.o):
    CODE              Offs=000932  Size=000005  Align=00001  Fill=0000
../../cc65Integration/lib/kim1.lib(pushax.o):
    CODE              Offs=000937  Size=00001A  Align=00001  Fill=0000
../../cc65Integration/lib/kim1.lib(pushwsp.o):
    CODE              Offs=000951  Size=00001C  Align=00001  Fill=0000
../../cc65Integration/lib/kim1.lib(read.o):
    CODE              Offs=00096D  Size=000092  Align=00001  Fill=0000
../../cc65Integration/lib/kim1.lib(sleep.o):
    CODE              Offs=0009FF  Size=00008A  Align=00001  Fill=0000
../../cc65Integration/lib/kim1.lib(staxsp.o):
    CODE              Offs=000A89  Size=00000B  Align=00001  Fill=0000
../../cc65Integration/lib/kim1.lib(steaxsp.o):
    CODE              Offs=000A94  Size=000015  Align=00001  Fill=0000
../../cc65Integration/lib/kim1.lib(strlen.o):
    CODE              Offs=000AA9  Size=000016  Align=00001  Fill=0000
../../cc65Integration/lib/kim1.lib(strlower.o):
    CODE              Offs=000ABF  Size=000027  Align=00001  Fill=0000
../../cc65Integration/lib/kim1.lib(subysp.o):
    CODE              Offs=000AE6  Size=00000D  Align=00001  Fill=0000
../../cc65Integration/lib/kim1.lib(udiv.o):
    CODE              Offs=000AF3  Size=00004F  Align=00001  Fill=0000
../../cc65Integration/lib/kim1.lib(vfprintf.o):
    CODE              Offs=000B42  Size=000061  Align=00001  Fill=0000
    DATA              Offs=000054  Size=000008  Align=00001  Fill=0000
../../cc65Integration/lib/kim1.lib(write.o):
    CODE              Offs=000BA3  Size=00009E  Align=00001  Fill=0000
../../cc65Integration/lib/kim1.lib(zerobss.o):
    CODE              Offs=000C41  Size=000023  Align=00001  Fill=0000
../../cc65Integration/lib/kim1.lib(zeropage.o):
    ZEROPAGE          Offs=000000  Size=00001A  Align=00001  Fill=0000
../../cc65Integration/lib/kim1.lib(pioif.o):
    CODE              Offs=000C64  Size=000049  Align=00001  Fill=0000
../../cc65Integration/lib/kim1.lib(clock.o):
    CODE              Offs=000CAD  Size=000168  Align=00001  Fill=0000
    RODATA            Offs=0001B1  Size=000009  Align=00001  Fill=0000
../../cc65Integration/lib/kim1.lib(timer.o):
    CODE              Offs=000E15  Size=0000AB  Align=00001  Fill=0000
    DATA              Offs=00005C  Size=00001F  Align=00001  Fill=0000


Segment list:
-------------
Name                   Start     End    Size  Align
----------------------------------------------------
ZEROPAGE              000040  000059  00001A  00001
STARTUP               000200  000217  000018  00001
CODE                  000218  0010D7  000EC0  00001
RODATA                0010D8  001291  0001BA  00001
ONCE                  001292  00129D  00000C  00001
DATA                  00129E  001318  00007B  00001
BSS                   001319  001349  000031  00001


Exports list by name:
---------------------
_GetClock                 000EC5 RLA    __BSS_RUN__               001319 RLA    
__BSS_SIZE__              000031 REA    __CONSTRUCTOR_COUNT__     000000 REA    
__CONSTRUCTOR_TABLE__     000218 RLA    __DATA_LOAD__             00129E RLA    
__DATA_RUN__              00129E RLA    __DATA_SIZE__             00007B REA    
__DESTRUCTOR_COUNT__      000000 REA    __DESTRUCTOR_TABLE__      000218 RLA    
__RAM_SIZE__              00CD00 REA    __RAM_START__             000200 RLA    
__STARTUP__               000001 REA    ___directerrno            000354 RLA    
___errno                  001345 RLA    ___oserror                001319 RLA    
___seterrno               000703 RLA    __ctype                   0011FE RLA    
__ctypeidx                001209 RLA    __hextab                  0011E2 RLA    
__longminstr              0011F2 RLA    __printf                  000451 RLA    
_close                    000738 RLA    _diskupdateptr            000E32 RLA    
_diskwritedebug           000E58 RLA    _fwrite                   0007CF RLA    
_get_timer                00103E RLA    _get_timer_tick_length    001032 RLA    
_init_timer               001051 RLA    _ltoa                     000942 RLA    
_main                     000283 RLA    _open                     000A70 RLA    
_pioread                  000E9D RLA    _piowrite                 000E7C RLA    
_printf                   000B17 RLA    _read                     000B85 RLA    
_sleep                    000C17 RLA    _stdout                   0012C6 RLA    
_stop_timer               00102D RLA    _strlen                   000CC1 RLA    
_strlower                 000CD7 RLA    _ultoa                    000983 RLA    
_vfprintf                 000D92 RLA    _write                    000DBB RLA    
addeq0sp                  00070C RLA    addysp                    00071E RLA    
addysp1                   00071D RLA    axlong                    00072B RLA    
axulong                   000731 RLA    boolult                   0009E4 RLA    
copydata                  00075D RLA    ctypemaskdirect           00078E RLA    
decsp2                    0007A8 RLA    decsp4                    0007B5 RLA    
decsp6                    0007C2 RLA    incsp2                    000852 RLA    
incsp4                    000860 RLA    incsp6                    000865 RLA    
incsp8                    00086A RLA    initlib                   001292 RLA    
ldax0sp                   0008CF RLA    ldaxysp                   0008D1 RLA    
ldeaxysp                  0008DA RLA    mul8x16                   000A38 RLA    
mul8x16a                  000A42 RLA    negeax                    0008EB RLA    
popax                     00084A RLA    popptr1                   000B09 RLA    
ptr1                      000048 RLZ    ptr2                      00004A RLZ    
ptr3                      00004C RLZ    ptr4                      00004E RLZ    
push0                     000B4F RLA    push1                     000B4A RLA    
pusha0                    000B51 RLA    pushax                    000B53 RLA    
pusheax                   000912 RLA    pushl0                    000909 RLA    
pushw0sp                  000B69 RLA    pushwysp                  000B6B RLA    
regbank                   000054 RLZ    sp                        000040 RLZ    
sreg                      000042 RLZ    stax0sp                   000CA1 RLA    
staxysp                   000CA3 RLA    steaxysp                  000CAE RLA    
subysp                    000CFE RLA    tmp1                      000050 RLZ    
tmp3                      000052 RLZ    tosaddeax                 000875 RLA    
toslcmp                   000894 RLA    tosudivax                 000D0D RLA    
tosulteax                 0009BF RLA    tosumulax                 0009F1 RLA    
zerobss                   000E59 RLA    


Exports list by value:
----------------------
__CONSTRUCTOR_COUNT__     000000 REA    __DESTRUCTOR_COUNT__      000000 REA    
__STARTUP__               000001 REA    __BSS_SIZE__              000031 REA    
sp                        000040 RLZ    sreg                      000042 RLZ    
ptr1                      000048 RLZ    ptr2                      00004A RLZ    
ptr3                      00004C RLZ    ptr4                      00004E RLZ    
tmp1                      000050 RLZ    tmp3                      000052 RLZ    
regbank                   000054 RLZ    __DATA_SIZE__             00007B REA    
__RAM_START__             000200 RLA    __CONSTRUCTOR_TABLE__     000218 RLA    
__DESTRUCTOR_TABLE__      000218 RLA    _main                     000283 RLA    
___directerrno            000354 RLA    __printf                  000451 RLA    
___seterrno               000703 RLA    addeq0sp                  00070C RLA    
addysp1                   00071D RLA    addysp                    00071E RLA    
axlong                    00072B RLA    axulong                   000731 RLA    
_close                    000738 RLA    copydata                  00075D RLA    
ctypemaskdirect           00078E RLA    decsp2                    0007A8 RLA    
decsp4                    0007B5 RLA    decsp6                    0007C2 RLA    
_fwrite                   0007CF RLA    popax                     00084A RLA    
incsp2                    000852 RLA    incsp4                    000860 RLA    
incsp6                    000865 RLA    incsp8                    00086A RLA    
tosaddeax                 000875 RLA    toslcmp                   000894 RLA    
ldax0sp                   0008CF RLA    ldaxysp                   0008D1 RLA    
ldeaxysp                  0008DA RLA    negeax                    0008EB RLA    
pushl0                    000909 RLA    pusheax                   000912 RLA    
_ltoa                     000942 RLA    _ultoa                    000983 RLA    
tosulteax                 0009BF RLA    boolult                   0009E4 RLA    
tosumulax                 0009F1 RLA    mul8x16                   000A38 RLA    
mul8x16a                  000A42 RLA    _open                     000A70 RLA    
popptr1                   000B09 RLA    _printf                   000B17 RLA    
push1                     000B4A RLA    push0                     000B4F RLA    
pusha0                    000B51 RLA    pushax                    000B53 RLA    
pushw0sp                  000B69 RLA    pushwysp                  000B6B RLA    
_read                     000B85 RLA    _sleep                    000C17 RLA    
stax0sp                   000CA1 RLA    staxysp                   000CA3 RLA    
steaxysp                  000CAE RLA    _strlen                   000CC1 RLA    
_strlower                 000CD7 RLA    subysp                    000CFE RLA    
tosudivax                 000D0D RLA    _vfprintf                 000D92 RLA    
_write                    000DBB RLA    _diskupdateptr            000E32 RLA    
_diskwritedebug           000E58 RLA    zerobss                   000E59 RLA    
_piowrite                 000E7C RLA    _pioread                  000E9D RLA    
_GetClock                 000EC5 RLA    _stop_timer               00102D RLA    
_get_timer_tick_length    001032 RLA    _get_timer                00103E RLA    
_init_timer               001051 RLA    __hextab                  0011E2 RLA    
__longminstr              0011F2 RLA    __ctype                   0011FE RLA    
__ctypeidx                001209 RLA    initlib                   001292 RLA    
__DATA_LOAD__             00129E RLA    __DATA_RUN__              00129E RLA    
_stdout                   0012C6 RLA    __BSS_RUN__               001319 RLA    
___oserror                001319 RLA    ___errno                  001345 RLA    
__RAM_SIZE__              00CD00 REA    


Imports list:
-------------
_GetClock (clock.o):
    timerfun.o                timerfun.s:31
__BSS_RUN__ ([linker generated]):
    zerobss.o                 common/zerobss.s:8
__BSS_SIZE__ ([linker generated]):
    zerobss.o                 common/zerobss.s:8
__CONSTRUCTOR_COUNT__ ([linker generated]):
    condes.o                  runtime/condes.s:18
__CONSTRUCTOR_TABLE__ ([linker generated]):
    condes.o                  runtime/condes.s:18
__DATA_LOAD__ ([linker generated]):
    copydata.o                common/copydata.s:8
__DATA_RUN__ ([linker generated]):
    copydata.o                common/copydata.s:8
__DATA_SIZE__ ([linker generated]):
    copydata.o                common/copydata.s:8
__DESTRUCTOR_COUNT__ ([linker generated]):
    condes.o                  runtime/condes.s:19
__DESTRUCTOR_TABLE__ ([linker generated]):
    condes.o                  runtime/condes.s:19
__RAM_SIZE__ ([linker generated]):
    crt0.o                    kim1/crt0.s:10
__RAM_START__ ([linker generated]):
    crt0.o                    kim1/crt0.s:10
__STARTUP__ (crt0.o):
    timerfun.o                timerfun.s:21
___directerrno (_directerrno.o):
    write.o                   /home/brian/Projects/6502cc65/cc/cc65/asminc/errno.inc:10
    open.o                    /home/brian/Projects/6502cc65/cc/cc65/asminc/errno.inc:10
    close.o                   /home/brian/Projects/6502cc65/cc/cc65/asminc/errno.inc:10
___errno (errno.o):
    _seterrno.o               /home/brian/Projects/6502cc65/cc/cc65/asminc/errno.inc:7
___oserror (_oserror.o):
    _directerrno.o            /home/brian/Projects/6502cc65/cc/cc65/asminc/errno.inc:7
    open.o                    /home/brian/Projects/6502cc65/cc/cc65/asminc/errno.inc:7
    close.o                   /home/brian/Projects/6502cc65/cc/cc65/asminc/errno.inc:7
    timer.o                   /home/brian/Projects/6502cc65/cc/cc65/asminc/errno.inc:7
___seterrno (_seterrno.o):
    _directerrno.o            /home/brian/Projects/6502cc65/cc/cc65/asminc/errno.inc:9
    fwrite.o                  /home/brian/Projects/6502cc65/cc/cc65/asminc/errno.inc:9
__ctype (ctype.o):
    ctypemask.o               common/ctypemask.s:23
__ctypeidx (ctype.o):
    ctypemask.o               common/ctypemask.s:24
__hextab (_hextab.o):
    ltoa.o                    common/ltoa.s:10
__longminstr (_longminstr.o):
    ltoa.o                    common/ltoa.s:10
__printf (_printf.o):
    vfprintf.o                common/vfprintf.s:10
_close (close.o):
    clock.o                   ../libwrk/kim1/clock.s:14
_diskupdateptr (write.o):
    pioif.o                   kim1/pioif.s:6
    read.o                    kim1/read.s:5
_diskwritedebug (write.o):
    read.o                    kim1/read.s:5
_fwrite (fwrite.o):
    vfprintf.o                common/vfprintf.s:10
_get_timer (timer.o):
    sleep.o                   ../libwrk/kim1/sleep.s:14
    timerfun.o                timerfun.s:33
_get_timer_tick_length (timer.o):
    sleep.o                   ../libwrk/kim1/sleep.s:15
    timerfun.o                timerfun.s:34
_init_timer (timer.o):
    timerfun.o                timerfun.s:32
_ltoa (ltoa.o):
    _printf.o                 common/_printf.s:12
_main (timerfun.o):
    crt0.o                    kim1/crt0.s:8
_open (open.o):
    clock.o                   ../libwrk/kim1/clock.s:13
_pioread (pioif.o):
    read.o                    kim1/read.s:5
    timer.o                   kim1/timer.s:5
_piowrite (pioif.o):
    write.o                   kim1/write.s:5
    timer.o                   kim1/timer.s:5
_printf (printf.o):
    timerfun.o                timerfun.s:29
_read (read.o):
    clock.o                   ../libwrk/kim1/clock.s:16
_sleep (sleep.o):
    timerfun.o                timerfun.s:30
_stdout (_file.o):
    printf.o                  common/printf.s:8
_stop_timer (timer.o):
    timerfun.o                timerfun.s:35
_strlen (strlen.o):
    _printf.o                 common/_printf.s:13
_strlower (strlower.o):
    _printf.o                 common/_printf.s:13
_ultoa (ltoa.o):
    _printf.o                 common/_printf.s:12
_vfprintf (vfprintf.o):
    printf.o                  common/printf.s:8
_write (write.o):
    fwrite.o                  common/fwrite.s:10
    clock.o                   ../libwrk/kim1/clock.s:15
addeq0sp (addeqsp.o):
    sleep.o                   ../libwrk/kim1/sleep.s:98
    timerfun.o                timerfun.s:352
addysp (addysp.o):
    open.o                    kim1/open.s:6
    incsp6.o                  runtime/incsp6.s:8
    incsp4.o                  runtime/incsp4.s:8
    fwrite.o                  common/fwrite.s:11
    sleep.o                   ../libwrk/kim1/sleep.s:98
    printf.o                  common/printf.s:8
    incsp8.o                  runtime/incsp8.s:8
    timerfun.o                timerfun.s:352
addysp1 (addysp.o):
    ladd.o                    runtime/ladd.s:8
axlong (axlong.o):
    _printf.o                 common/_printf.s:11
axulong (axlong.o):
    _printf.o                 common/_printf.s:11
    sleep.o                   ../libwrk/kim1/sleep.s:98
boolult (makebool.o):
    lult.o                    runtime/lult.s:8
copydata (copydata.o):
    crt0.o                    kim1/crt0.s:9
ctypemaskdirect (ctypemask.o):
    strlower.o                common/strlower.s:14
decsp2 (decsp2.o):
    clock.o                   ../libwrk/kim1/clock.s:205
    timerfun.o                timerfun.s:352
decsp4 (decsp4.o):
    clock.o                   ../libwrk/kim1/clock.s:205
    sleep.o                   ../libwrk/kim1/sleep.s:98
    lpush.o                   runtime/lpush.s:12
decsp6 (decsp6.o):
    _printf.o                 common/_printf.s:11
incsp2 (incsp2.o):
    popptr1.o                 runtime/popptr1.s:8
incsp4 (incsp4.o):
    lcmp.o                    runtime/lcmp.s:9
    sleep.o                   ../libwrk/kim1/sleep.s:98
incsp6 (incsp6.o):
    fwrite.o                  common/fwrite.s:11
    clock.o                   ../libwrk/kim1/clock.s:205
    vfprintf.o                common/vfprintf.s:9
incsp8 (incsp8.o):
    clock.o                   ../libwrk/kim1/clock.s:205
    timerfun.o                timerfun.s:352
initlib (condes.o):
    crt0.o                    kim1/crt0.s:9
ldax0sp (ldaxsp.o):
    clock.o                   ../libwrk/kim1/clock.s:205
    clock.o                   ../libwrk/kim1/clock.s:205
    sleep.o                   ../libwrk/kim1/sleep.s:98
ldaxysp (ldaxsp.o):
    fwrite.o                  common/fwrite.s:11
    clock.o                   ../libwrk/kim1/clock.s:205
    clock.o                   ../libwrk/kim1/clock.s:205
    sleep.o                   ../libwrk/kim1/sleep.s:98
ldeaxysp (ldeaxysp.o):
    sleep.o                   ../libwrk/kim1/sleep.s:98
    timerfun.o                timerfun.s:352
mul8x16 (mul8.o):
    mul.o                     runtime/mul.s:8
mul8x16a (mul8.o):
    mul.o                     runtime/mul.s:8
negeax (lneg.o):
    ltoa.o                    common/ltoa.s:9
popax (incsp2.o):
    write.o                   kim1/write.s:5
    read.o                    kim1/read.s:5
    open.o                    kim1/open.s:6
    ltoa.o                    common/ltoa.s:9
    _printf.o                 common/_printf.s:11
popptr1 (popptr1.o):
    write.o                   kim1/write.s:5
    read.o                    kim1/read.s:5
    open.o                    kim1/open.s:6
    mul8.o                    runtime/mul8.s:9
    mul.o                     runtime/mul.s:9
    ltoa.o                    common/ltoa.s:9
    udiv.o                    runtime/udiv.s:9
ptr1 (zeropage.o):
    lcmp.o                    runtime/lcmp.s:10
    pioif.o                   kim1/pioif.s:7
    write.o                   kim1/write.s:6
    strlower.o                common/strlower.s:13
    read.o                    kim1/read.s:6
    popptr1.o                 runtime/popptr1.s:9
    open.o                    kim1/open.s:7
    mul8.o                    runtime/mul8.s:10
    mul.o                     runtime/mul.s:10
    ltoa.o                    common/ltoa.s:11
    fwrite.o                  common/fwrite.s:14
    copydata.o                common/copydata.s:9
    _printf.o                 /home/brian/Projects/6502cc65/cc/cc65/asminc/zeropage.inc:12
    timer.o                   kim1/timer.s:6
    clock.o                   ../libwrk/kim1/clock.s:11
    zerobss.o                 common/zerobss.s:9
    vfprintf.o                common/vfprintf.s:11
    udiv.o                    runtime/udiv.s:10
    printf.o                  common/printf.s:9
    timerfun.o                timerfun.s:11
ptr2 (zeropage.o):
    pioif.o                   kim1/pioif.s:7
    write.o                   kim1/write.s:6
    strlower.o                common/strlower.s:13
    strlen.o                  common/strlen.s:12
    read.o                    kim1/read.s:6
    open.o                    kim1/open.s:7
    ltoa.o                    common/ltoa.s:11
    copydata.o                common/copydata.s:9
    _printf.o                 /home/brian/Projects/6502cc65/cc/cc65/asminc/zeropage.inc:12
    timer.o                   kim1/timer.s:6
ptr3 (zeropage.o):
    pioif.o                   kim1/pioif.s:7
    write.o                   kim1/write.s:6
    read.o                    kim1/read.s:6
    ltoa.o                    common/ltoa.s:11
ptr4 (zeropage.o):
    mul8.o                    runtime/mul8.s:10
    mul.o                     runtime/mul.s:10
    udiv.o                    runtime/udiv.s:10
push0 (pushax.o):
    clock.o                   ../libwrk/kim1/clock.s:205
    clock.o                   ../libwrk/kim1/clock.s:205
    sleep.o                   ../libwrk/kim1/sleep.s:98
    sleep.o                   ../libwrk/kim1/sleep.s:98
push1 (push1.o):
    _printf.o                 common/_printf.s:11
    vfprintf.o                common/vfprintf.s:9
pusha0 (pushax.o):
    push1.o                   runtime/push1.s:8
    clock.o                   ../libwrk/kim1/clock.s:205
    clock.o                   ../libwrk/kim1/clock.s:205
    timerfun.o                timerfun.s:352
    timerfun.o                timerfun.s:352
pushax (pushax.o):
    open.o                    kim1/open.s:6
    fwrite.o                  common/fwrite.s:11
    _printf.o                 common/_printf.s:11
    clock.o                   ../libwrk/kim1/clock.s:205
    clock.o                   ../libwrk/kim1/clock.s:205
    sleep.o                   ../libwrk/kim1/sleep.s:98
    sleep.o                   ../libwrk/kim1/sleep.s:98
    printf.o                  common/printf.s:8
    timerfun.o                timerfun.s:352
    timerfun.o                timerfun.s:352
pusheax (lpush.o):
    _printf.o                 common/_printf.s:11
    sleep.o                   ../libwrk/kim1/sleep.s:98
    timerfun.o                timerfun.s:352
pushl0 (lpush.o):
    timerfun.o                timerfun.s:352
pushw0sp (pushwsp.o):
    clock.o                   ../libwrk/kim1/clock.s:205
pushwysp (pushwsp.o):
    fwrite.o                  common/fwrite.s:11
    clock.o                   ../libwrk/kim1/clock.s:205
    clock.o                   ../libwrk/kim1/clock.s:205
    vfprintf.o                common/vfprintf.s:9
    sleep.o                   ../libwrk/kim1/sleep.s:98
    sleep.o                   ../libwrk/kim1/sleep.s:98
regbank (zeropage.o):
    _printf.o                 /home/brian/Projects/6502cc65/cc/cc65/asminc/zeropage.inc:14
sp (zeropage.o):
    lcmp.o                    runtime/lcmp.s:10
    pushwsp.o                 runtime/pushwsp.s:8
    popptr1.o                 runtime/popptr1.s:9
    ldaxsp.o                  runtime/ldaxsp.s:8
    ladd.o                    runtime/ladd.s:9
    incsp2.o                  runtime/incsp2.s:8
    decsp6.o                  runtime/decsp6.s:8
    decsp4.o                  runtime/decsp4.s:8
    _printf.o                 /home/brian/Projects/6502cc65/cc/cc65/asminc/zeropage.inc:11
    clock.o                   ../libwrk/kim1/clock.s:10
    vfprintf.o                common/vfprintf.s:11
    subysp.o                  runtime/subysp.s:9
    steaxsp.o                 runtime/steaxsp.s:8
    staxsp.o                  runtime/staxsp.s:8
    sleep.o                   ../libwrk/kim1/sleep.s:10
    pushax.o                  runtime/pushax.s:8
    printf.o                  common/printf.s:9
    lpush.o                   runtime/lpush.s:13
    ldeaxysp.o                runtime/ldeaxysp.s:12
    decsp2.o                  runtime/decsp2.s:8
    crt0.o                    /home/brian/Projects/6502cc65/cc/cc65/asminc/zeropage.inc:11
    addysp.o                  runtime/addysp.s:8
    addeqsp.o                 runtime/addeqsp.s:8
    timerfun.o                timerfun.s:10
sreg (zeropage.o):
    lneg.o                    runtime/lneg.s:11
    lcmp.o                    runtime/lcmp.s:10
    ltoa.o                    common/ltoa.s:11
    ladd.o                    runtime/ladd.s:9
    axlong.o                  runtime/axlong.s:9
    _printf.o                 /home/brian/Projects/6502cc65/cc/cc65/asminc/zeropage.inc:11
    timer.o                   kim1/timer.s:6
    udiv.o                    runtime/udiv.s:10
    steaxsp.o                 runtime/steaxsp.s:8
    lpush.o                   runtime/lpush.s:13
    ldeaxysp.o                runtime/ldeaxysp.s:12
stax0sp (staxsp.o):
    clock.o                   ../libwrk/kim1/clock.s:205
    clock.o                   ../libwrk/kim1/clock.s:205
staxysp (staxsp.o):
    clock.o                   ../libwrk/kim1/clock.s:205
    clock.o                   ../libwrk/kim1/clock.s:205
    sleep.o                   ../libwrk/kim1/sleep.s:98
    timerfun.o                timerfun.s:352
steaxysp (steaxsp.o):
    sleep.o                   ../libwrk/kim1/sleep.s:98
    timerfun.o                timerfun.s:352
subysp (subysp.o):
    timerfun.o                timerfun.s:352
tmp1 (zeropage.o):
    pioif.o                   kim1/pioif.s:7
    write.o                   kim1/write.s:6
    read.o                    kim1/read.s:6
    mul.o                     runtime/mul.s:10
    ltoa.o                    common/ltoa.s:11
    ladd.o                    runtime/ladd.s:9
    copydata.o                common/copydata.s:9
    _printf.o                 /home/brian/Projects/6502cc65/cc/cc65/asminc/zeropage.inc:13
    sleep.o                   ../libwrk/kim1/sleep.s:11
tmp3 (zeropage.o):
    open.o                    kim1/open.s:7
tosaddeax (ladd.o):
    sleep.o                   ../libwrk/kim1/sleep.s:98
toslcmp (lcmp.o):
    lult.o                    runtime/lult.s:8
tosudivax (udiv.o):
    fwrite.o                  common/fwrite.s:12
    sleep.o                   ../libwrk/kim1/sleep.s:98
tosulteax (lult.o):
    sleep.o                   ../libwrk/kim1/sleep.s:98
tosumulax (mul.o):
    fwrite.o                  common/fwrite.s:12
    sleep.o                   ../libwrk/kim1/sleep.s:98
zerobss (zerobss.o):
    crt0.o                    kim1/crt0.s:9

